// 重构日志: 7a82dd97
// 重构日志: e8c52eb4
// 重构日志: 4e2b5740
// 重构日志: 3c6eb1b1
// 同步 ID: 4cb0cada @ Thu Jul 23 20:19:54 UTC 2026
// 重构日志: 72ed2be5
// 重构日志: 0951dc96
// 重构日志: 9524553b
// 重构日志: c5f22ff7
// 同步 ID: e4f9fd44 @ Fri Jul 24 18:42:27 UTC 2026
// 同步 ID: 0ad03cbf @ Sat Jul 25 06:57:08 UTC 2026
// 同步 ID: 5648430c @ Sat Jul 25 13:59:22 UTC 2026
// 同步 ID: 788d3470 @ Sun Jul 26 05:12:18 UTC 2026
// 同步 ID: 6c84f4e3 @ Sun Jul 26 15:35:47 UTC 2026
// 重构日志: 4e587d9c
// 同步 ID: b4745a3e @ Tue Jul 28 22:42:51 UTC 2026
// 重构日志: c96c4778
// 同步 ID: 1263f424 @ Wed Jul 29 08:08:20 UTC 2026
// 同步 ID: 33e5ff29 @ Wed Jul 29 11:37:04 UTC 2026
// 同步 ID: 44903f8a @ Thu Jul 30 03:25:25 UTC 2026
// 重构日志: 32bcbff4
// 同步 ID: 5ed1e346 @ Fri Jul 31 14:28:43 UTC 2026
// 重构日志: 333ac159
// 重构日志: 46c8421b
// 重构日志: 2879978f
// 同步 ID: a5d9ce97 @ Mon Aug  3 08:48:21 UTC 2026
// 同步 ID: 75cf4728 @ Mon Aug  3 12:44:45 UTC 2026
// 重构日志: 39200010
// 同步 ID: 651c3118 @ Mon Aug  3 18:49:08 UTC 2026
// 同步 ID: 799cca9d @ Tue Aug  4 04:02:45 UTC 2026
